npm notice
npm notice 📦  @labpics/motion@0.3.0
npm notice Tarball Contents
npm notice 1.1kB LICENSE
npm notice 13.1kB README.md
npm notice 1.3kB dist/a11y/index.cjs
npm notice 3.9kB dist/a11y/index.d.cts
npm notice 3.9kB dist/a11y/index.d.ts
npm notice 1.3kB dist/a11y/index.js
npm notice 4.3kB dist/angular/index.cjs
npm notice 2.2kB dist/angular/index.d.cts
npm notice 2.2kB dist/angular/index.d.ts
npm notice 4.2kB dist/angular/index.js
npm notice 11.2kB dist/animate/channels.d.cts
npm notice 11.2kB dist/animate/channels.d.ts
npm notice 38.9kB dist/animate/index.cjs
npm notice 9.6kB dist/animate/index.d.cts
npm notice 9.6kB dist/animate/index.d.ts
npm notice 38.9kB dist/animate/index.js
npm notice 2.9kB dist/animate/main-unit.d.cts
npm notice 2.9kB dist/animate/main-unit.d.ts
npm notice 1.7kB dist/animate/surface-batch.d.cts
npm notice 1.7kB dist/animate/surface-batch.d.ts
npm notice 1.2kB dist/animate/targets.d.cts
npm notice 1.2kB dist/animate/targets.d.ts
npm notice 7.4kB dist/animate/waapi-unit.d.cts
npm notice 7.4kB dist/animate/waapi-unit.d.ts
npm notice 13.3kB dist/auto/index.cjs
npm notice 8.1kB dist/auto/index.d.cts
npm notice 8.1kB dist/auto/index.d.ts
npm notice 13.2kB dist/auto/index.js
npm notice 11.5kB dist/behaviors/index.cjs
npm notice 18.5kB dist/behaviors/index.d.cts
npm notice 18.5kB dist/behaviors/index.d.ts
npm notice 11.5kB dist/behaviors/index.js
npm notice 3.3kB dist/behaviors/reorder/index.cjs
npm notice 3.1kB dist/behaviors/reorder/index.d.cts
npm notice 3.1kB dist/behaviors/reorder/index.d.ts
npm notice 3.3kB dist/behaviors/reorder/index.js
npm notice 3.7kB dist/behaviors/state-cascade.d.cts
npm notice 3.7kB dist/behaviors/state-cascade.d.ts
npm notice 2.8kB dist/bindings/index.cjs
npm notice 2.1kB dist/bindings/index.d.cts
npm notice 2.1kB dist/bindings/index.d.ts
npm notice 2.8kB dist/bindings/index.js
npm notice 7.4kB dist/compiler/core.d.cts
npm notice 7.4kB dist/compiler/core.d.ts
npm notice 450B dist/compiler/nano-default-artifact.d.cts
npm notice 450B dist/compiler/nano-default-artifact.d.ts
npm notice 486B dist/compiler/runtime/index.cjs
npm notice 1.5kB dist/compiler/runtime/index.d.cts
npm notice 1.5kB dist/compiler/runtime/index.d.ts
npm notice 479B dist/compiler/runtime/index.js
npm notice 2.2kB dist/compiler/surface/index.cjs
npm notice 3.4kB dist/compiler/surface/index.d.cts
npm notice 3.4kB dist/compiler/surface/index.d.ts
npm notice 2.2kB dist/compiler/surface/index.js
npm notice 14.8kB dist/compiler/vite/index.cjs
npm notice 2.0kB dist/compiler/vite/index.d.cts
npm notice 2.0kB dist/compiler/vite/index.d.ts
npm notice 14.8kB dist/compiler/vite/index.js
npm notice 4.5kB dist/compositor/cache.d.cts
npm notice 4.5kB dist/compositor/cache.d.ts
npm notice 25.5kB dist/compositor/core.d.cts
npm notice 25.5kB dist/compositor/core.d.ts
npm notice 4.1kB dist/compositor/curve.d.cts
npm notice 4.1kB dist/compositor/curve.d.ts
npm notice 8.0kB dist/compositor/detect.d.cts
npm notice 8.0kB dist/compositor/detect.d.ts
npm notice 2.2kB dist/compositor/error-bound.d.cts
npm notice 2.2kB dist/compositor/error-bound.d.ts
npm notice 3.5kB dist/compositor/execution.d.cts
npm notice 3.5kB dist/compositor/execution.d.ts
npm notice 2.2kB dist/compositor/format.d.cts
npm notice 2.2kB dist/compositor/format.d.ts
npm notice 4.1kB dist/compositor/handoff.d.cts
npm notice 4.1kB dist/compositor/handoff.d.ts
npm notice 15.8kB dist/compositor/index.cjs
npm notice 305B dist/compositor/index.d.cts
npm notice 304B dist/compositor/index.d.ts
npm notice 15.8kB dist/compositor/index.js
npm notice 2.8kB dist/compositor/sample.d.cts
npm notice 2.8kB dist/compositor/sample.d.ts
npm notice 8.8kB dist/compositor/segmenter.d.cts
npm notice 8.8kB dist/compositor/segmenter.d.ts
npm notice 13.5kB dist/compositor/stagger.d.cts
npm notice 13.5kB dist/compositor/stagger.d.ts
npm notice 16.7kB dist/compositor/stagger/index.cjs
npm notice 676B dist/compositor/stagger/index.d.cts
npm notice 674B dist/compositor/stagger/index.d.ts
npm notice 16.7kB dist/compositor/stagger/index.js
npm notice 6.5kB dist/decay.d.cts
npm notice 6.5kB dist/decay.d.ts
npm notice 1.2kB dist/decay/index.cjs
npm notice 526B dist/decay/index.d.cts
npm notice 524B dist/decay/index.d.ts
npm notice 1.2kB dist/decay/index.js
npm notice 5.5kB dist/drive.d.cts
npm notice 5.5kB dist/drive.d.ts
npm notice 7.6kB dist/driver.d.cts
npm notice 7.6kB dist/driver.d.ts
npm notice 3.8kB dist/driver/index.cjs
npm notice 536B dist/driver/index.d.cts
npm notice 534B dist/driver/index.d.ts
npm notice 3.7kB dist/driver/index.js
npm notice 4.1kB dist/easing/index.cjs
npm notice 12.1kB dist/easing/index.d.cts
npm notice 12.1kB dist/easing/index.d.ts
npm notice 4.0kB dist/easing/index.js
npm notice 1.3kB dist/errors.d.cts
npm notice 1.3kB dist/errors.d.ts
npm notice 2.9kB dist/flip/index.cjs
npm notice 6.2kB dist/flip/index.d.cts
npm notice 6.2kB dist/flip/index.d.ts
npm notice 2.9kB dist/flip/index.js
npm notice 1.4kB dist/frame/index.cjs
npm notice 6.4kB dist/frame/index.d.cts
npm notice 6.4kB dist/frame/index.d.ts
npm notice 1.4kB dist/frame/index.js
npm notice 2.7kB dist/future-layout/artifact.d.cts
npm notice 2.7kB dist/future-layout/artifact.d.ts
npm notice 2.5kB dist/future-layout/coordinator.d.cts
npm notice 2.5kB dist/future-layout/coordinator.d.ts
npm notice 1.6kB dist/future-layout/index.d.cts
npm notice 1.5kB dist/future-layout/index.d.ts
npm notice 1.8kB dist/future-layout/observer.d.cts
npm notice 1.8kB dist/future-layout/observer.d.ts
npm notice 2.4kB dist/future-layout/proof.d.cts
npm notice 2.4kB dist/future-layout/proof.d.ts
npm notice 3.9kB dist/future-layout/receipt.d.cts
npm notice 3.9kB dist/future-layout/receipt.d.ts
npm notice 1.9kB dist/future-layout/route.d.cts
npm notice 1.9kB dist/future-layout/route.d.ts
npm notice 7.4kB dist/future-layout/transaction.d.cts
npm notice 7.3kB dist/future-layout/transaction.d.ts
npm notice 7.4kB dist/gestures/index.cjs
npm notice 12.0kB dist/gestures/index.d.cts
npm notice 12.0kB dist/gestures/index.d.ts
npm notice 7.4kB dist/gestures/index.js
npm notice 4.8kB dist/in-view/index.cjs
npm notice 2.6kB dist/in-view/index.d.cts
npm notice 2.6kB dist/in-view/index.d.ts
npm notice 4.8kB dist/in-view/index.js
npm notice 5.3kB dist/index.cjs
npm notice 947B dist/index.d.cts
npm notice 942B dist/index.d.ts
npm notice 5.3kB dist/index.js
npm notice 1.5kB dist/internal/binding-value.d.cts
npm notice 1.5kB dist/internal/binding-value.d.ts
npm notice 1.2kB dist/internal/constants.d.cts
npm notice 1.2kB dist/internal/constants.d.ts
npm notice 322B dist/internal/cubic-bezier.d.cts
npm notice 322B dist/internal/cubic-bezier.d.ts
npm notice 360B dist/internal/finite.d.cts
npm notice 360B dist/internal/finite.d.ts
npm notice 458B dist/internal/frame-requester.d.cts
npm notice 458B dist/internal/frame-requester.d.ts
npm notice 353B dist/internal/media-query.d.cts
npm notice 353B dist/internal/media-query.d.ts
npm notice 861B dist/internal/motion-defaults.d.cts
npm notice 860B dist/internal/motion-defaults.d.ts
npm notice 19.7kB dist/internal/motion-program.d.cts
npm notice 19.7kB dist/internal/motion-program.d.ts
npm notice 1.9kB dist/internal/read-spring.d.cts
npm notice 1.9kB dist/internal/read-spring.d.ts
npm notice 1.6kB dist/internal/repeat-cursor.d.cts
npm notice 1.6kB dist/internal/repeat-cursor.d.ts
npm notice 209B dist/internal/request-frame.d.cts
npm notice 209B dist/internal/request-frame.d.ts
npm notice 358B dist/internal/sample-keyframes.d.cts
npm notice 358B dist/internal/sample-keyframes.d.ts
npm notice 1.5kB dist/internal/schedule-v1.d.cts
npm notice 1.5kB dist/internal/schedule-v1.d.ts
npm notice 1.5kB dist/internal/sliding-window.d.cts
npm notice 1.5kB dist/internal/sliding-window.d.ts
npm notice 3.1kB dist/internal/solver.d.cts
npm notice 3.1kB dist/internal/solver.d.ts
npm notice 664B dist/internal/template.d.cts
npm notice 664B dist/internal/template.d.ts
npm notice 724B dist/internal/types.d.cts
npm notice 724B dist/internal/types.d.ts
npm notice 5.9kB dist/keyframes/index.cjs
npm notice 10.0kB dist/keyframes/index.d.cts
npm notice 10.0kB dist/keyframes/index.d.ts
npm notice 5.9kB dist/keyframes/index.js
npm notice 5.0kB dist/lit/controller.d.cts
npm notice 5.0kB dist/lit/controller.d.ts
npm notice 4.2kB dist/lit/element.d.cts
npm notice 4.2kB dist/lit/element.d.ts
npm notice 5.3kB dist/lit/index.cjs
npm notice 1.1kB dist/lit/index.d.cts
npm notice 1.1kB dist/lit/index.d.ts
npm notice 5.3kB dist/lit/index.js
npm notice 10.9kB dist/motion-value.d.cts
npm notice 10.9kB dist/motion-value.d.ts
npm notice 1.7kB dist/nano/index.cjs
npm notice 2.2kB dist/nano/index.d.cts
npm notice 2.2kB dist/nano/index.d.ts
npm notice 1.7kB dist/nano/index.js
npm notice 812B dist/nano/spring-linear.d.cts
npm notice 812B dist/nano/spring-linear.d.ts
npm notice 4.2kB dist/preact/index.cjs
npm notice 1.7kB dist/preact/index.d.cts
npm notice 1.7kB dist/preact/index.d.ts
npm notice 4.2kB dist/preact/index.js
npm notice 4.4kB dist/presence/index.cjs
npm notice 555B dist/presence/index.d.cts
npm notice 551B dist/presence/index.d.ts
npm notice 4.4kB dist/presence/index.js
npm notice 12.3kB dist/presence/machine.d.cts
npm notice 12.3kB dist/presence/machine.d.ts
npm notice 3.0kB dist/presence/transition.d.cts
npm notice 3.0kB dist/presence/transition.d.ts
npm notice 14.6kB dist/presets/index.cjs
npm notice 25.6kB dist/presets/index.d.cts
npm notice 25.6kB dist/presets/index.d.ts
npm notice 14.6kB dist/presets/index.js
npm notice 6.1kB dist/projection/dom.d.cts
npm notice 6.1kB dist/projection/dom.d.ts
npm notice 8.7kB dist/projection/driver.d.cts
npm notice 8.7kB dist/projection/driver.d.ts
npm notice 9.6kB dist/projection/geometry.d.cts
npm notice 9.6kB dist/projection/geometry.d.ts
npm notice 14.7kB dist/projection/index.cjs
npm notice 8.1kB dist/projection/index.d.cts
npm notice 8.1kB dist/projection/index.d.ts
npm notice 14.7kB dist/projection/index.js
npm notice 4.3kB dist/qwik/index.cjs
npm notice 3.2kB dist/qwik/index.d.cts
npm notice 3.2kB dist/qwik/index.d.ts
npm notice 4.2kB dist/qwik/index.js
npm notice 7.1kB dist/react/index.cjs
npm notice 6.9kB dist/react/index.d.cts
npm notice 6.9kB dist/react/index.d.ts
npm notice 7.0kB dist/react/index.js
npm notice 2.2kB dist/scroll/index.cjs
npm notice 8.6kB dist/scroll/index.d.cts
npm notice 8.6kB dist/scroll/index.d.ts
npm notice 2.2kB dist/scroll/index.js
npm notice 20.7kB dist/smart/index.cjs
npm notice 9.9kB dist/smart/index.d.cts
npm notice 9.9kB dist/smart/index.d.ts
npm notice 20.7kB dist/smart/index.js
npm notice 4.2kB dist/solid/index.cjs
npm notice 2.4kB dist/solid/index.d.cts
npm notice 2.4kB dist/solid/index.d.ts
npm notice 4.2kB dist/solid/index.js
npm notice 5.7kB dist/spring.d.cts
npm notice 5.7kB dist/spring.d.ts
npm notice 4.6kB dist/spring/index.cjs
npm notice 9.9kB dist/spring/index.d.cts
npm notice 9.9kB dist/spring/index.d.ts
npm notice 4.6kB dist/spring/index.js
npm notice 1.3kB dist/stagger/index.cjs
npm notice 5.2kB dist/stagger/index.d.cts
npm notice 5.2kB dist/stagger/index.d.ts
npm notice 1.3kB dist/stagger/index.js
npm notice 1.1kB dist/stagger/scheduler.d.cts
npm notice 1.1kB dist/stagger/scheduler.d.ts
npm notice 4.1kB dist/svelte/index.cjs
npm notice 3.2kB dist/svelte/index.d.cts
npm notice 3.2kB dist/svelte/index.d.ts
npm notice 4.1kB dist/svelte/index.js
npm notice 7.6kB dist/svg-morph/index.cjs
npm notice 4.4kB dist/svg-morph/index.d.cts
npm notice 4.4kB dist/svg-morph/index.d.ts
npm notice 7.6kB dist/svg-morph/index.js
npm notice 4.9kB dist/svg/index.cjs
npm notice 3.8kB dist/svg/index.d.cts
npm notice 3.8kB dist/svg/index.d.ts
npm notice 4.9kB dist/svg/index.js
npm notice 3.5kB dist/timeline/index.cjs
npm notice 8.6kB dist/timeline/index.d.cts
npm notice 8.6kB dist/timeline/index.d.ts
npm notice 3.5kB dist/timeline/index.js
npm notice 2.5kB dist/tokens/index.cjs
npm notice 11.3kB dist/tokens/index.d.cts
npm notice 11.3kB dist/tokens/index.d.ts
npm notice 2.5kB dist/tokens/index.js
npm notice 1.1kB dist/tween.d.cts
npm notice 1.1kB dist/tween.d.ts
npm notice 2.3kB dist/utils/index.cjs
npm notice 9.9kB dist/utils/index.d.cts
npm notice 9.9kB dist/utils/index.d.ts
npm notice 2.3kB dist/utils/index.js
npm notice 5.6kB dist/value/color.d.cts
npm notice 5.6kB dist/value/color.d.ts
npm notice 6.3kB dist/value/index.cjs
npm notice 2.6kB dist/value/index.d.cts
npm notice 2.6kB dist/value/index.d.ts
npm notice 6.3kB dist/value/index.js
npm notice 769B dist/value/parse.d.cts
npm notice 767B dist/value/parse.d.ts
npm notice 3.4kB dist/value/transform.d.cts
npm notice 3.4kB dist/value/transform.d.ts
npm notice 4.1kB dist/value/units.d.cts
npm notice 4.1kB dist/value/units.d.ts
npm notice 5.5kB dist/vue/index.cjs
npm notice 6.1kB dist/vue/index.d.cts
npm notice 6.1kB dist/vue/index.d.ts
npm notice 5.5kB dist/vue/index.js
npm notice 4.7kB dist/waapi/index.cjs
npm notice 8.6kB dist/waapi/index.d.cts
npm notice 8.6kB dist/waapi/index.d.ts
npm notice 4.7kB dist/waapi/index.js
npm notice 5.2kB dist/wc/index.cjs
npm notice 4.3kB dist/wc/index.d.cts
npm notice 4.3kB dist/wc/index.d.ts
npm notice 5.2kB dist/wc/index.js
npm notice 18.1kB docs/benchmark.md
npm notice 8.3kB docs/bindings.md
npm notice 30.6kB docs/errors.md
npm notice 7.7kB docs/motion-conformance.md
npm notice 57.4kB docs/recipes.md
npm notice 16.1kB package.json
npm notice Tarball Details
npm notice name: @labpics/motion
npm notice version: 0.3.0
npm notice filename: labpics-motion-0.3.0.tgz
npm notice package size: 559.9 kB
npm notice unpacked size: 1.8 MB
npm notice shasum: 1a9cdf64219d688a527987623149b425f05bc4c4
npm notice integrity: sha512-ow4K3ZVJcsxEe[...]zu1znDuvdEgjg==
npm notice total files: 312
npm notice
