package: @labpics/motion@0.3.0
Tarball Contents
dist/a11y/index.cjs
dist/a11y/index.d.cts
dist/a11y/index.d.ts
dist/a11y/index.js
dist/angular/index.cjs
dist/angular/index.d.cts
dist/angular/index.d.ts
dist/angular/index.js
dist/animate/channels.d.cts
dist/animate/channels.d.ts
dist/animate/index.cjs
dist/animate/index.d.cts
dist/animate/index.d.ts
dist/animate/index.js
dist/animate/main-unit.d.cts
dist/animate/main-unit.d.ts
dist/animate/surface-batch.d.cts
dist/animate/surface-batch.d.ts
dist/animate/targets.d.cts
dist/animate/targets.d.ts
dist/animate/waapi-unit.d.cts
dist/animate/waapi-unit.d.ts
dist/auto/index.cjs
dist/auto/index.d.cts
dist/auto/index.d.ts
dist/auto/index.js
dist/behaviors/index.cjs
dist/behaviors/index.d.cts
dist/behaviors/index.d.ts
dist/behaviors/index.js
dist/behaviors/reorder/index.cjs
dist/behaviors/reorder/index.d.cts
dist/behaviors/reorder/index.d.ts
dist/behaviors/reorder/index.js
dist/behaviors/state-cascade.d.cts
dist/behaviors/state-cascade.d.ts
dist/bindings/index.cjs
dist/bindings/index.d.cts
dist/bindings/index.d.ts
dist/bindings/index.js
dist/compiler/core.d.cts
dist/compiler/core.d.ts
dist/compiler/nano-default-artifact.d.cts
dist/compiler/nano-default-artifact.d.ts
dist/compiler/runtime/index.cjs
dist/compiler/runtime/index.d.cts
dist/compiler/runtime/index.d.ts
dist/compiler/runtime/index.js
dist/compiler/surface/index.cjs
dist/compiler/surface/index.d.cts
dist/compiler/surface/index.d.ts
dist/compiler/surface/index.js
dist/compiler/vite/index.cjs
dist/compiler/vite/index.d.cts
dist/compiler/vite/index.d.ts
dist/compiler/vite/index.js
dist/compositor/cache.d.cts
dist/compositor/cache.d.ts
dist/compositor/core.d.cts
dist/compositor/core.d.ts
dist/compositor/curve.d.cts
dist/compositor/curve.d.ts
dist/compositor/detect.d.cts
dist/compositor/detect.d.ts
dist/compositor/error-bound.d.cts
dist/compositor/error-bound.d.ts
dist/compositor/execution.d.cts
dist/compositor/execution.d.ts
dist/compositor/format.d.cts
dist/compositor/format.d.ts
dist/compositor/handoff.d.cts
dist/compositor/handoff.d.ts
dist/compositor/index.cjs
dist/compositor/index.d.cts
dist/compositor/index.d.ts
dist/compositor/index.js
dist/compositor/sample.d.cts
dist/compositor/sample.d.ts
dist/compositor/segmenter.d.cts
dist/compositor/segmenter.d.ts
dist/compositor/stagger.d.cts
dist/compositor/stagger.d.ts
dist/compositor/stagger/index.cjs
dist/compositor/stagger/index.d.cts
dist/compositor/stagger/index.d.ts
dist/compositor/stagger/index.js
dist/decay.d.cts
dist/decay.d.ts
dist/decay/index.cjs
dist/decay/index.d.cts
dist/decay/index.d.ts
dist/decay/index.js
dist/drive.d.cts
dist/drive.d.ts
dist/driver.d.cts
dist/driver.d.ts
dist/driver/index.cjs
dist/driver/index.d.cts
dist/driver/index.d.ts
dist/driver/index.js
dist/easing/index.cjs
dist/easing/index.d.cts
dist/easing/index.d.ts
dist/easing/index.js
dist/errors.d.cts
dist/errors.d.ts
dist/flip/index.cjs
dist/flip/index.d.cts
dist/flip/index.d.ts
dist/flip/index.js
dist/frame/index.cjs
dist/frame/index.d.cts
dist/frame/index.d.ts
dist/frame/index.js
dist/future-layout/artifact.d.cts
dist/future-layout/artifact.d.ts
dist/future-layout/coordinator.d.cts
dist/future-layout/coordinator.d.ts
dist/future-layout/index.d.cts
dist/future-layout/index.d.ts
dist/future-layout/observer.d.cts
dist/future-layout/observer.d.ts
dist/future-layout/proof.d.cts
dist/future-layout/proof.d.ts
dist/future-layout/receipt.d.cts
dist/future-layout/receipt.d.ts
dist/future-layout/route.d.cts
dist/future-layout/route.d.ts
dist/future-layout/transaction.d.cts
dist/future-layout/transaction.d.ts
dist/gestures/index.cjs
dist/gestures/index.d.cts
dist/gestures/index.d.ts
dist/gestures/index.js
dist/in-view/index.cjs
dist/in-view/index.d.cts
dist/in-view/index.d.ts
dist/in-view/index.js
dist/index.cjs
dist/index.d.cts
dist/index.d.ts
dist/index.js
dist/internal/binding-value.d.cts
dist/internal/binding-value.d.ts
dist/internal/constants.d.cts
dist/internal/constants.d.ts
dist/internal/cubic-bezier.d.cts
dist/internal/cubic-bezier.d.ts
dist/internal/finite.d.cts
dist/internal/finite.d.ts
dist/internal/frame-requester.d.cts
dist/internal/frame-requester.d.ts
dist/internal/media-query.d.cts
dist/internal/media-query.d.ts
dist/internal/motion-defaults.d.cts
dist/internal/motion-defaults.d.ts
dist/internal/motion-program.d.cts
dist/internal/motion-program.d.ts
dist/internal/read-spring.d.cts
dist/internal/read-spring.d.ts
dist/internal/repeat-cursor.d.cts
dist/internal/repeat-cursor.d.ts
dist/internal/request-frame.d.cts
dist/internal/request-frame.d.ts
dist/internal/sample-keyframes.d.cts
dist/internal/sample-keyframes.d.ts
dist/internal/schedule-v1.d.cts
dist/internal/schedule-v1.d.ts
dist/internal/sliding-window.d.cts
dist/internal/sliding-window.d.ts
dist/internal/solver.d.cts
dist/internal/solver.d.ts
dist/internal/template.d.cts
dist/internal/template.d.ts
dist/internal/types.d.cts
dist/internal/types.d.ts
dist/keyframes/index.cjs
dist/keyframes/index.d.cts
dist/keyframes/index.d.ts
dist/keyframes/index.js
dist/lit/controller.d.cts
dist/lit/controller.d.ts
dist/lit/element.d.cts
dist/lit/element.d.ts
dist/lit/index.cjs
dist/lit/index.d.cts
dist/lit/index.d.ts
dist/lit/index.js
dist/motion-value.d.cts
dist/motion-value.d.ts
dist/nano/index.cjs
dist/nano/index.d.cts
dist/nano/index.d.ts
dist/nano/index.js
dist/nano/spring-linear.d.cts
dist/nano/spring-linear.d.ts
dist/preact/index.cjs
dist/preact/index.d.cts
dist/preact/index.d.ts
dist/preact/index.js
dist/presence/index.cjs
dist/presence/index.d.cts
dist/presence/index.d.ts
dist/presence/index.js
dist/presence/machine.d.cts
dist/presence/machine.d.ts
dist/presence/transition.d.cts
dist/presence/transition.d.ts
dist/presets/index.cjs
dist/presets/index.d.cts
dist/presets/index.d.ts
dist/presets/index.js
dist/projection/dom.d.cts
dist/projection/dom.d.ts
dist/projection/driver.d.cts
dist/projection/driver.d.ts
dist/projection/geometry.d.cts
dist/projection/geometry.d.ts
dist/projection/index.cjs
dist/projection/index.d.cts
dist/projection/index.d.ts
dist/projection/index.js
dist/qwik/index.cjs
dist/qwik/index.d.cts
dist/qwik/index.d.ts
dist/qwik/index.js
dist/react/index.cjs
dist/react/index.d.cts
dist/react/index.d.ts
dist/react/index.js
dist/scroll/index.cjs
dist/scroll/index.d.cts
dist/scroll/index.d.ts
dist/scroll/index.js
dist/smart/index.cjs
dist/smart/index.d.cts
dist/smart/index.d.ts
dist/smart/index.js
dist/solid/index.cjs
dist/solid/index.d.cts
dist/solid/index.d.ts
dist/solid/index.js
dist/spring.d.cts
dist/spring.d.ts
dist/spring/index.cjs
dist/spring/index.d.cts
dist/spring/index.d.ts
dist/spring/index.js
dist/stagger/index.cjs
dist/stagger/index.d.cts
dist/stagger/index.d.ts
dist/stagger/index.js
dist/stagger/scheduler.d.cts
dist/stagger/scheduler.d.ts
dist/svelte/index.cjs
dist/svelte/index.d.cts
dist/svelte/index.d.ts
dist/svelte/index.js
dist/svg-morph/index.cjs
dist/svg-morph/index.d.cts
dist/svg-morph/index.d.ts
dist/svg-morph/index.js
dist/svg/index.cjs
dist/svg/index.d.cts
dist/svg/index.d.ts
dist/svg/index.js
dist/timeline/index.cjs
dist/timeline/index.d.cts
dist/timeline/index.d.ts
dist/timeline/index.js
dist/tokens/index.cjs
dist/tokens/index.d.cts
dist/tokens/index.d.ts
dist/tokens/index.js
dist/tween.d.cts
dist/tween.d.ts
dist/utils/index.cjs
dist/utils/index.d.cts
dist/utils/index.d.ts
dist/utils/index.js
dist/value/color.d.cts
dist/value/color.d.ts
dist/value/index.cjs
dist/value/index.d.cts
dist/value/index.d.ts
dist/value/index.js
dist/value/parse.d.cts
dist/value/parse.d.ts
dist/value/transform.d.cts
dist/value/transform.d.ts
dist/value/units.d.cts
dist/value/units.d.ts
dist/vue/index.cjs
dist/vue/index.d.cts
dist/vue/index.d.ts
dist/vue/index.js
dist/waapi/index.cjs
dist/waapi/index.d.cts
dist/waapi/index.d.ts
dist/waapi/index.js
dist/wc/index.cjs
dist/wc/index.d.cts
dist/wc/index.d.ts
dist/wc/index.js
docs/benchmark.md
docs/bindings.md
docs/errors.md
docs/motion-conformance.md
docs/recipes.md
LICENSE
package.json
README.md
Tarball Details
/tmp/motion-native-clock-whole-gates-088fbc60-20261002/candidate-pnpm.tgz
